6.2846600
8.2445760
10.4660000
14.8666710
1554.4000000
-999.0000000
1554.4000000
