-999.0000000
4.1222880
5.2330000
7.4333355
777.2000000
-999.0000000
777.2000000
