1.5711650
2.0611440
2.6165000
3.7166678
388.6000000
-999.0000000
388.6000000
