3.1423300
4.1222880
-999.0000000
-999.0000000
-999.0000000
-999.0000000
-999.0000000
