1.1423300
2.1222880
3.2330000
5.4333355
775.2000000
-999.0000000
775.2000000
