5.1423300
6.1222880
7.2330000
9.4333355
779.2000000
-999.0000000
779.2000000
