-35.3393644819495,-67.65764427168914
-35.33240705055096,-67.65872754754074
-35.33068481959214,-67.66278279394442
-35.3298257715448,-67.661740748294
