Changed row 0 from: ('621988', '6088495')  to: (-35.3393644819495, -67.65764427168914)
Changed row 1 from: ('621900', '6089268')  to: (-35.33240705055096, -67.65872754754074)
Changed row 2 from: ('621534', '6089464')  to: (-35.33068481959214, -67.66278279394442)
Changed row 3 from: ('621630', '6089558')  to: (-35.3298257715448, -67.661740748294)
